2026-09-30 18:37:50,866 | INFO | Starting Automation Value Hub pipeline for 2026-08
2026-09-30 18:37:50,884 | INFO | Loaded 2 register row(s) and 2 performance row(s)
2026-09-30 18:37:50,937 | INFO | Published KPI dataset: /mnt/data/automation_value_hub_complete/data/processed/automation_kpi.csv
2026-09-30 18:37:51,496 | INFO | Generated Excel report: /mnt/data/automation_value_hub_complete/reports/Automation_Value_Hub_Report_2026-08.xlsx
2026-09-30 18:37:51,498 | INFO | Pipeline completed successfully
2026-09-30 18:38:56,704 | INFO | Starting Automation Value Hub pipeline for 2026-08
2026-09-30 18:38:56,723 | INFO | Loaded 2 register row(s) and 2 performance row(s)
2026-09-30 18:38:56,785 | INFO | Published KPI dataset: /mnt/data/automation_value_hub_complete/data/processed/automation_kpi.csv
2026-09-30 18:38:57,381 | INFO | Generated Excel report: /mnt/data/automation_value_hub_complete/reports/Automation_Value_Hub_Report_2026-08.xlsx
2026-09-30 18:38:57,383 | INFO | Pipeline completed successfully
2026-09-30 18:39:24,634 | INFO | Starting Automation Value Hub pipeline for 2026-08
2026-09-30 18:39:24,656 | INFO | Loaded 2 register row(s) and 2 performance row(s)
2026-09-30 18:39:24,706 | INFO | Published KPI dataset: /mnt/data/automation_value_hub_complete/data/processed/automation_kpi.csv
2026-09-30 18:39:25,202 | INFO | Generated Excel report: /mnt/data/automation_value_hub_complete/reports/Automation_Value_Hub_Report_2026-08.xlsx
2026-09-30 18:39:25,204 | INFO | Pipeline completed successfully
2026-10-01 00:02:27,140 | INFO | Starting Automation Value Hub pipeline for 2026-08
2026-10-01 00:02:27,273 | INFO | Loaded 2 register row(s) and 2 performance row(s)
2026-10-01 00:02:27,442 | INFO | Published KPI dataset: C:\Users\PRKD\Automation project\automation_value_hub_complete\data\processed\automation_kpi.csv
2026-10-01 00:02:29,883 | INFO | Generated Excel report: C:\Users\PRKD\Automation project\automation_value_hub_complete\reports\Automation_Value_Hub_Report_2026-08.xlsx
2026-10-01 00:02:30,241 | INFO | Pipeline completed successfully
